// Jest Snapshot v1, https://goo.gl/fbAQLP

exports[`Header component should have match with snapshot 1`] = `
<nav
  className="navbar navbar-light p-0 sh-navbar pt-4"
>
  <div
    className="p-2 pl-4"
  >
    <a
      className="sh-menu"
    >
      <Icon
        iconname="menu-bar"
      />
    </a>
  </div>
  <div
    className="p-2 "
  >
    <a
      className="navbar-brand sh-title"
      href="#"
    >
      Smart Check-out
    </a>
  </div>
  <div
    className="p-2 pr-4"
  >
    <a
      className="sh-location"
    >
      <Icon
        iconname="location-uk"
      />
    </a>
  </div>
</nav>
`;
