// Jest Snapshot v1, https://goo.gl/fbAQLP

exports[`Header component should have match with snapshot 1`] = `
<div>
  <Header
    title="Smart Check-out"
  />
  <div
    className="container"
  />
  <Footer
    copywrite="@ 2018 - Hotel Beacons GmbH"
  />
</div>
`;
